// Jest Snapshot v1, https://goo.gl/fbAQLP

exports[`Divider Rendering renders itself correctly 1`] = `
<View
  style={
    Array [
      Object {
        "backgroundColor": "#DBE0E3",
        "height": 1,
        "width": "100%",
      },
    ]
  }
  testID="divider"
/>
`;
