// Jest Snapshot v1, https://goo.gl/fbAQLP

exports[`Tiles Rendering renders itself correctly 1`] = `
<View
  style={
    Array [
      Object {
        "flexDirection": "row",
        "flexWrap": "wrap",
        "width": "100%",
      },
    ]
  }
  testID="tiles"
>
  <View
    accessible={true}
    collapsable={false}
    focusable={true}
    nativeID="animatedComponent"
    onClick={[Function]}
    onLayout={[Function]}
    onResponderGrant={[Function]}
    onResponderMove={[Function]}
    onResponderRelease={[Function]}
    onResponderTerminate={[Function]}
    onResponderTerminationRequest={[Function]}
    onStartShouldSetResponder={[Function]}
    style={
      Object {
        "height": -6,
        "opacity": 0.25,
        "overflow": "hidden",
        "paddingBottom": 6,
        "paddingLeft": 6,
        "paddingRight": 6,
        "paddingTop": 6,
        "width": "50%",
      }
    }
    testID="tile"
  >
    <View
      style={
        Array [
          Object {
            "backgroundColor": "#1C2530",
            "borderRadius": 5,
            "height": "100%",
            "justifyContent": "space-between",
            "paddingBottom": 11,
            "paddingLeft": 11,
            "paddingRight": 11,
            "paddingTop": 11,
            "width": "100%",
          },
        ]
      }
    >
      <View
        style={
          Array [
            Object {
              "alignSelf": "flex-end",
              "marginBottom": 0,
            },
          ]
        }
        testID="tile-content"
      />
      <Text
        inversed={true}
        style={
          Array [
            Object {
              "alignSelf": "flex-start",
              "bottom": 8,
              "color": "#FFFFFF",
              "fontFamily": "System",
              "fontSize": 16,
              "fontStyle": "normal",
              "fontWeight": "700",
              "left": 6,
              "marginLeft": 4,
              "position": "absolute",
              "textAlign": "left",
            },
          ]
        }
        testID="tile-title"
        weight="bold"
      >
        Worship
      </Text>
    </View>
  </View>
  <View
    accessible={true}
    collapsable={false}
    focusable={true}
    nativeID="animatedComponent"
    onClick={[Function]}
    onLayout={[Function]}
    onResponderGrant={[Function]}
    onResponderMove={[Function]}
    onResponderRelease={[Function]}
    onResponderTerminate={[Function]}
    onResponderTerminationRequest={[Function]}
    onStartShouldSetResponder={[Function]}
    style={
      Object {
        "height": -6,
        "opacity": 1,
        "overflow": "hidden",
        "paddingBottom": 6,
        "paddingLeft": 6,
        "paddingRight": 6,
        "paddingTop": 6,
        "width": "50%",
      }
    }
    testID="tile"
  >
    <View
      style={
        Array [
          Object {
            "backgroundColor": "#1C2530",
            "borderRadius": 5,
            "height": "100%",
            "justifyContent": "space-between",
            "paddingBottom": 11,
            "paddingLeft": 11,
            "paddingRight": 11,
            "paddingTop": 11,
            "width": "100%",
          },
        ]
      }
    >
      <View
        style={
          Array [
            Object {
              "alignSelf": "flex-end",
              "marginBottom": 0,
            },
          ]
        }
        testID="tile-content"
      />
      <Text
        inversed={true}
        style={
          Array [
            Object {
              "alignSelf": "flex-start",
              "bottom": 8,
              "color": "#FFFFFF",
              "fontFamily": "System",
              "fontSize": 16,
              "fontStyle": "normal",
              "fontWeight": "700",
              "left": 6,
              "marginLeft": 4,
              "position": "absolute",
              "textAlign": "left",
            },
          ]
        }
        testID="tile-title"
        weight="bold"
      >
        Baptism
      </Text>
    </View>
  </View>
  <View
    accessible={true}
    collapsable={false}
    focusable={true}
    nativeID="animatedComponent"
    onClick={[Function]}
    onLayout={[Function]}
    onResponderGrant={[Function]}
    onResponderMove={[Function]}
    onResponderRelease={[Function]}
    onResponderTerminate={[Function]}
    onResponderTerminationRequest={[Function]}
    onStartShouldSetResponder={[Function]}
    style={
      Object {
        "height": -6,
        "opacity": 1,
        "overflow": "hidden",
        "paddingBottom": 6,
        "paddingLeft": 6,
        "paddingRight": 6,
        "paddingTop": 6,
        "width": "50%",
      }
    }
    testID="tile"
  >
    <View
      style={
        Array [
          Object {
            "backgroundColor": "#1C2530",
            "borderRadius": 5,
            "height": "100%",
            "justifyContent": "space-between",
            "paddingBottom": 11,
            "paddingLeft": 11,
            "paddingRight": 11,
            "paddingTop": 11,
            "width": "100%",
          },
        ]
      }
    >
      <View
        style={
          Array [
            Object {
              "alignSelf": "flex-end",
              "marginBottom": 0,
            },
          ]
        }
        testID="tile-content"
      />
      <Text
        inversed={true}
        style={
          Array [
            Object {
              "alignSelf": "flex-start",
              "bottom": 8,
              "color": "#FFFFFF",
              "fontFamily": "System",
              "fontSize": 16,
              "fontStyle": "normal",
              "fontWeight": "700",
              "left": 6,
              "marginLeft": 4,
              "position": "absolute",
              "textAlign": "left",
            },
          ]
        }
        testID="tile-title"
        weight="bold"
      >
        Prayer
      </Text>
    </View>
  </View>
</View>
`;
